Executando testes do VeredictChain na Hardhat Network...

  [PASS] registra uma decisao publicada com sucesso
  [PASS] rejeita registro de magistrado nao credenciado
  [PASS] rejeita integrador nao autorizado (fraude no ponto de transmissao)
  [PASS] processa retificacao legitima preservando o historico
  [PASS] rejeita retificacao sem referencia a decisao existente
  [PASS] permite ao admin arquivar uma decisao
  [PASS] simula o cenario do Oficio-Circular 001/2026: acordao falso nunca registrado

7 passando, 0 falhando
